// Jest Snapshot v1, https://goo.gl/fbAQLP

exports[`SourceTable should match snapshot 1`] = `
<Table
  columns={Array []}
  data={Array []}
  fetchData={[Function]}
  width={1100}
/>
`;
