// Jest Snapshot v1, https://goo.gl/fbAQLP

exports[`ContractProperties should match snapshot 1`] = `<div />`;
