// Jest Snapshot v1, https://goo.gl/fbAQLP

exports[`HistoricalListingZoomPhotoModal should match snapshot 1`] = `
<Modal
  closeModal={[Function]}
  dark={true}
  id="zoom-photo"
  percent={75}
  title=""
>
  <img
    alt="photo"
    className="photo"
    src=""
  />
</Modal>
`;
