// Jest Snapshot v1, https://goo.gl/fbAQLP

exports[`ListedProperties should match snapshot 1`] = `<div />`;
