// Jest Snapshot v1, https://goo.gl/fbAQLP

exports[`SoldProperties should match snapshot 1`] = `<div />`;
