// Jest Snapshot v1, https://goo.gl/fbAQLP

exports[`Alert should match snapshot 1`] = `
<div
  className="alert alert-success"
>
  <pre>
    Request Successful
  </pre>
</div>
`;
