// Jest Snapshot v1, https://goo.gl/fbAQLP

exports[`FileUploader should match snapshot 1`] = `
<div
  className="custom-file-uploader"
>
  <button
    className="btn btn-small"
    onClick={[Function]}
    type="button"
  >
    Choose File...
  </button>
  <span>
    No file chosen
  </span>
  <input
    onChange={[Function]}
    style={
      Object {
        "display": "none",
      }
    }
    type="file"
  />
</div>
`;
