// Jest Snapshot v1, https://goo.gl/fbAQLP

exports[`DepressedMarketGridTable should match snapshot 1`] = `
<div
  style={
    Object {
      "marginTop": "1em",
    }
  }
>
  <Table
    columns={Array []}
    data={Array []}
    fetchData={[Function]}
  />
</div>
`;
