// Jest Snapshot v1, https://goo.gl/fbAQLP

exports[`MedianSalePriceTable should match snapshot 1`] = `
<div
  className="table-wrapper two"
>
  <Table
    columns={Array []}
    data={Array []}
    fetchData={[Function]}
  />
</div>
`;
