// Jest Snapshot v1, https://goo.gl/fbAQLP

exports[`About Us should match snapshot 1`] = `
<Modal
  closeModal={[Function]}
  percent={80}
  title="About Us"
>
  <Table
    columns={Array []}
    data={Array []}
    fetchData={[Function]}
  />
</Modal>
`;
