// Jest Snapshot v1, https://goo.gl/fbAQLP

exports[`Footer should match snapshot 1`] = `
<div
  id="footer"
>
  <div
    className="logo-container"
  >
    <img
      alt="logo"
      src="undefined/images/footer-logo.svg"
    />
  </div>
  <div
    className="content"
  >
    <div
      className="footer-links"
    >
      <a
        onClick={[Function]}
      >
        About Us
      </a>
      <a
        href="undefined/PrivacyPolicy.pdf"
        target="_blank"
      >
        Privacy Policy
      </a>
      <a
        href="undefined/TermsOfUse.pdf"
        target="_blank"
      >
        Terms of Use
      </a>
      <a
        onClick={[Function]}
      >
        Copyright Infringement
      </a>
      <a
        onClick={[Function]}
      >
        Contact Us: vox@redbellre.com
      </a>
    </div>
    <span>
      © 2020 Red Bell Real Estate, LLC. All rights reserved. Ownership and use of this report is governed by the legal agreement between RedBell and the party for which it was prepared. Information contained in this report is current as at the date of the report. Red Bell does not accept any liability for use of this report or the data, all of which is provided “as-is” and without warranty or covenant of any kind including any warranty as to its accuracy, marketability or fitness for a particular purpose or usage. Any use not expressly authorized by such agreement, including reliance on this report, is prohibited.
    </span>
  </div>
</div>
`;
